
rashi@LAPTOP-2NNLJJ9F MINGW64 ~ (master)
$ cd Desktop/

rashi@LAPTOP-2NNLJJ9F MINGW64 ~/Desktop (master)
$ cd nwfolder/

rashi@LAPTOP-2NNLJJ9F MINGW64 ~/Desktop/nwfolder (master)
$ git config --global user.name "Rashi"

rashi@LAPTOP-2NNLJJ9F MINGW64 ~/Desktop/nwfolder (master)
$ git config --global user.email "rashidixit129@gmail.com"

rashi@LAPTOP-2NNLJJ9F MINGW64 ~/Desktop/nwfolder (master)
$ touch .gitignore

rashi@LAPTOP-2NNLJJ9F MINGW64 ~/Desktop/nwfolder (master)
$ git init
Initialized empty Git repository in C:/Users/rashi/Desktop/nwfolder/.git/

rashi@LAPTOP-2NNLJJ9F MINGW64 ~/Desktop/nwfolder (master)
$ git add .

rashi@LAPTOP-2NNLJJ9F MINGW64 ~/Desktop/nwfolder (master)
$ git commit -m "first commit"
[master (root-commit) dac3e65] first commit
 2 files changed, 454 insertions(+)
 create mode 100644 .gitignore
 create mode 100644 try.py

rashi@LAPTOP-2NNLJJ9F MINGW64 ~/Desktop/nwfolder (master)
$ git status
On branch master
nothing to commit, working tree clean

rashi@LAPTOP-2NNLJJ9F MINGW64 ~/Desktop/nwfolder (master)
$ git remote add origin git@github.com:rashi888/newfolder.git

rashi@LAPTOP-2NNLJJ9F MINGW64 ~/Desktop/nwfolder (master)
$ git push -u origin main
error: src refspec main does not match any
error: failed to push some refs to 'github.com:rashi888/newfolder.git'

rashi@LAPTOP-2NNLJJ9F MINGW64 ~/Desktop/nwfolder (master)
$ git push -u origin master
The authenticity of host 'github.com (64:ff9b::14cf:4952)' can't be established.
ED25519 key fingerprint is SHA256:+DiY3wvvV6TuJJhbpZisF/zLDA0zPMSvHdkr4UvCOqU.
This key is not known by any other names
Are you sure you want to continue connecting (yes/no/[fingerprint])? yes
Warning: Permanently added 'github.com' (ED25519) to the list of known hosts.
git@github.com: Permission denied (publickey).
fatal: Could not read from remote repository.

Please make sure you have the correct access rights
and the repository exists.

rashi@LAPTOP-2NNLJJ9F MINGW64 ~/Desktop/nwfolder (master)
$ git remote add origin https://github.com/rashi888/newfolder.git
error: remote origin already exists.

rashi@LAPTOP-2NNLJJ9F MINGW64 ~/Desktop/nwfolder (master)
$ git push -u origin main
error: src refspec main does not match any
error: failed to push some refs to 'github.com:rashi888/newfolder.git'

rashi@LAPTOP-2NNLJJ9F MINGW64 ~/Desktop/nwfolder (master)
$ git push -u origin master
git@github.com: Permission denied (publickey).
fatal: Could not read from remote repository.

Please make sure you have the correct access rights
and the repository exists.

rashi@LAPTOP-2NNLJJ9F MINGW64 ~/Desktop/nwfolder (master)
$ ssh-keygen -t ed25519 -C "rashidixit129@gmail.com"
Generating public/private ed25519 key pair.
Enter file in which to save the key (/c/Users/rashi/.ssh/id_ed25519):
Enter passphrase (empty for no passphrase):
Enter same passphrase again:
Your identification has been saved in /c/Users/rashi/.ssh/id_ed25519
Your public key has been saved in /c/Users/rashi/.ssh/id_ed25519.pub
The key fingerprint is:
SHA256:ch1Y1qrPBfQdZrgiQqUOt65Pi+TT5uCV1Qa7uuwkNyc rashidixit129@gmail.com
The key's randomart image is:
+--[ED25519 256]--+
|       .. o. .   |
|      .. +. o +  |
|    ..o o..o = . |
|     +...=+.o .  |
|      +.So+o     |
|     . =.o  .    |
|    +.E oo .     |
|   +.@o*  o      |
|    =*O.         |
+----[SHA256]-----+

rashi@LAPTOP-2NNLJJ9F MINGW64 ~/Desktop/nwfolder (master)
$ cat /c/Users/rashi/.ssh/id_ed25519.pub
ssh-ed25519 AAAAC3NzaC1lZDI1NTE5AAAAIPvXL2grCdmRhjFwuq69UyB7VOF0tU6C7Er9KLBtGkhu rashidixit129@gmail.com

rashi@LAPTOP-2NNLJJ9F MINGW64 ~/Desktop/nwfolder (master)
$ git push origin master
Enumerating objects: 4, done.
Counting objects: 100% (4/4), done.
Delta compression using up to 8 threads
Compressing objects: 100% (3/3), done.
Writing objects: 100% (4/4), 2.41 KiB | 1.21 MiB/s, done.
Total 4 (delta 0), reused 0 (delta 0), pack-reused 0
To github.com:rashi888/newfolder.git
 * [new branch]      master -> master

rashi@LAPTOP-2NNLJJ9F MINGW64 ~/Desktop/nwfolder (master)
$

============================================
IMP

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

==========================================